#-----------------------------------------------------------
# Vivado v2023.1 (64-bit)
# SW Build 3865809 on Sun May  7 15:05:29 MDT 2023
# IP Build 3864474 on Sun May  7 20:36:21 MDT 2023
# SharedData Build 3865790 on Sun May 07 13:33:03 MDT 2023
# Start of session at: Tue Mar 12 16:10:53 2024
# Process ID: 16792
# Current directory: D:/Vivado/Single_cycle_CPU
# Command line: vivado.exe -gui_launcher_event rodinguilauncherevent14180 D:\Vivado\Single_cycle_CPU\Single_cycle_CPU.xpr
# Log file: D:/Vivado/Single_cycle_CPU/vivado.log
# Journal file: D:/Vivado/Single_cycle_CPU\vivado.jou
# Running On: LAPTOP-29JSQ2PH, OS: Windows, CPU Frequency: 2112 MHz, CPU Physical cores: 12, Host memory: 16890 MB
#-----------------------------------------------------------
start_gui
open_project D:/Vivado/Single_cycle_CPU/Single_cycle_CPU.xpr
update_compile_order -fileset sources_1
update_compile_order -fileset sim_1
export_ip_user_files -of_objects  [get_files D:/Vivado/代码/实验代码和说明/code/EXT.v] -no_script -reset -force -quiet
export_ip_user_files -of_objects  [get_files D:/Vivado/代码/实验代码和说明/code/NPC.v] -no_script -reset -force -quiet
export_ip_user_files -of_objects  [get_files D:/Vivado/代码/实验代码和说明/code/PC.v] -no_script -reset -force -quiet
export_ip_user_files -of_objects  [get_files D:/Vivado/代码/实验代码和说明/code/RF.v] -no_script -reset -force -quiet
export_ip_user_files -of_objects  [get_files D:/Vivado/代码/实验代码和说明/code/SCPU.v] -no_script -reset -force -quiet
export_ip_user_files -of_objects  [get_files D:/Vivado/代码/实验代码和说明/code/alu.v] -no_script -reset -force -quiet
export_ip_user_files -of_objects  [get_files D:/Vivado/代码/实验代码和说明/code/ctrl.v] -no_script -reset -force -quiet
export_ip_user_files -of_objects  [get_files D:/Vivado/代码/实验代码和说明/code/ctrl_encode_def.v] -no_script -reset -force -quiet
export_ip_user_files -of_objects  [get_files D:/Vivado/代码/实验代码和说明/code/dm.v] -no_script -reset -force -quiet
export_ip_user_files -of_objects  [get_files D:/Vivado/代码/实验代码和说明/code/im.v] -no_script -reset -force -quiet
export_ip_user_files -of_objects  [get_files D:/Vivado/代码/实验代码和说明/code/sccomp.v] -no_script -reset -force -quiet
remove_files  {D:/Vivado/代码/实验代码和说明/code/EXT.v D:/Vivado/代码/实验代码和说明/code/NPC.v D:/Vivado/代码/实验代码和说明/code/PC.v D:/Vivado/代码/实验代码和说明/code/RF.v D:/Vivado/代码/实验代码和说明/code/SCPU.v D:/Vivado/代码/实验代码和说明/code/alu.v D:/Vivado/代码/实验代码和说明/code/ctrl.v D:/Vivado/代码/实验代码和说明/code/ctrl_encode_def.v D:/Vivado/代码/实验代码和说明/code/dm.v D:/Vivado/代码/实验代码和说明/code/im.v D:/Vivado/代码/实验代码和说明/code/sccomp.v}
export_ip_user_files -of_objects  [get_files D:/Vivado/代码/实验代码和说明/code/sccomp_tb.v] -no_script -reset -force -quiet
remove_files  -fileset sim_1 D:/Vivado/代码/实验代码和说明/code/sccomp_tb.v
add_files -norecurse {D:/Vivado/code/test1_code/code/RF.v D:/Vivado/code/test1_code/code/ctrl.v D:/Vivado/code/test1_code/code/sccomp_tb.v D:/Vivado/code/test1_code/code/PC.v D:/Vivado/code/test1_code/code/ctrl_encode_def.v D:/Vivado/code/test1_code/code/im.v D:/Vivado/code/test1_code/code/dm.v D:/Vivado/code/test1_code/code/sccomp.v D:/Vivado/code/test1_code/code/SCPU.v D:/Vivado/code/test1_code/code/EXT.v D:/Vivado/code/test1_code/code/NPC.v D:/Vivado/code/test1_code/code/alu.v}
update_compile_order -fileset sources_1
update_compile_order -fileset sources_1
launch_simulation
source sccomp_tb.tcl
relaunch_sim
relaunch_sim
relaunch_sim
close_sim
